.NET Framework 的 MSBuild 版本 17.14.40+3e7442088

  About.cpp
  MainWindow.cpp
d:\MBSAAARecycle\ClientSp\WaistGuardLite\WaistGuardLite\WaistGuardLite\MainWindow.h(1,1): warning C4819: 檔案含有無法在目前字碼頁 (950) 中表示的字元。請以 Unicode 格式儲存檔案以防止資料遺失 [d:\MBSAAARecycle\ClientSp\WaistGuardLite\WaistGuardLite\WaistGuardLite\WaistGuardLite.vcxproj]
  (編譯來源檔案 'MainWindow.cpp')
  
d:\MBSAAARecycle\ClientSp\WaistGuardLite\WaistGuardLite\WaistGuardLite\MainWindow.cpp(147,21): warning C4244: '正在初始化': 將 'ULONGLONG' 轉換為 'int'，由於類型不同，可能導致資料遺失 [d:\MBSAAARecycle\ClientSp\WaistGuardLite\WaistGuardLite\WaistGuardLite\WaistGuardLite.vcxproj]
d:\MBSAAARecycle\ClientSp\WaistGuardLite\WaistGuardLite\WaistGuardLite\MainWindow.cpp(345,17): warning C4244: '正在初始化': 將 'ULONGLONG' 轉換為 'int'，由於類型不同，可能導致資料遺失 [d:\MBSAAARecycle\ClientSp\WaistGuardLite\WaistGuardLite\WaistGuardLite\WaistGuardLite.vcxproj]
d:\MBSAAARecycle\ClientSp\WaistGuardLite\WaistGuardLite\WaistGuardLite\MainWindow.cpp(506,21): warning C4244: '正在初始化': 將 'ULONGLONG' 轉換為 'int'，由於類型不同，可能導致資料遺失 [d:\MBSAAARecycle\ClientSp\WaistGuardLite\WaistGuardLite\WaistGuardLite\WaistGuardLite.vcxproj]
  PreRestWindow.cpp
d:\MBSAAARecycle\ClientSp\WaistGuardLite\WaistGuardLite\WaistGuardLite\MainWindow.h(1,1): warning C4819: 檔案含有無法在目前字碼頁 (950) 中表示的字元。請以 Unicode 格式儲存檔案以防止資料遺失 [d:\MBSAAARecycle\ClientSp\WaistGuardLite\WaistGuardLite\WaistGuardLite\WaistGuardLite.vcxproj]
  (編譯來源檔案 'PreRestWindow.cpp')
  
  RestWindow.cpp
d:\MBSAAARecycle\ClientSp\WaistGuardLite\WaistGuardLite\WaistGuardLite\MainWindow.h(1,1): warning C4819: 檔案含有無法在目前字碼頁 (950) 中表示的字元。請以 Unicode 格式儲存檔案以防止資料遺失 [d:\MBSAAARecycle\ClientSp\WaistGuardLite\WaistGuardLite\WaistGuardLite\WaistGuardLite.vcxproj]
  (編譯來源檔案 'RestWindow.cpp')
  
  Settings.cpp
d:\MBSAAARecycle\ClientSp\WaistGuardLite\WaistGuardLite\WaistGuardLite\MainWindow.h(1,1): warning C4819: 檔案含有無法在目前字碼頁 (950) 中表示的字元。請以 Unicode 格式儲存檔案以防止資料遺失 [d:\MBSAAARecycle\ClientSp\WaistGuardLite\WaistGuardLite\WaistGuardLite\WaistGuardLite.vcxproj]
  (編譯來源檔案 'Settings.cpp')
  
  TimerManager.cpp
d:\MBSAAARecycle\ClientSp\WaistGuardLite\WaistGuardLite\WaistGuardLite\MainWindow.h(1,1): warning C4819: 檔案含有無法在目前字碼頁 (950) 中表示的字元。請以 Unicode 格式儲存檔案以防止資料遺失 [d:\MBSAAARecycle\ClientSp\WaistGuardLite\WaistGuardLite\WaistGuardLite\WaistGuardLite.vcxproj]
  (編譯來源檔案 'TimerManager.cpp')
  
  main.cpp
d:\MBSAAARecycle\ClientSp\WaistGuardLite\WaistGuardLite\WaistGuardLite\MainWindow.h(1,1): warning C4819: 檔案含有無法在目前字碼頁 (950) 中表示的字元。請以 Unicode 格式儲存檔案以防止資料遺失 [d:\MBSAAARecycle\ClientSp\WaistGuardLite\WaistGuardLite\WaistGuardLite\WaistGuardLite.vcxproj]
  (編譯來源檔案 'main.cpp')
  
  正在產生程式碼
  32 of 59 functions (54.2%) were compiled, the rest were copied from previous compilation.
    2 functions were new in current compilation
    3 functions had inline decision re-evaluated but remain unchanged
  已完成程式碼產生
  WaistGuardLite.vcxproj -> d:\MBSAAARecycle\ClientSp\WaistGuardLite\WaistGuardLite\x64\Release\WaistGuardLite.exe
